
============================================================
Testing Model Inference Directly
============================================================

Test 1: Wheat Yield Question
----------------------------------------
python : Traceback (most recent call last):
At line:1 char:1
+ python "c:\ENGINEERING\HACKATHON\MY_AGRI\backend\test_model.py" 2>&1  ...
+ ~~~~~~~~~~~~~~~~~~~~~~~~~~~~~~~~~~~~~~~~~~~~~~~~~~~~~~~~~~~~~~~~~~~~
    + CategoryInfo          : NotSpecified: (Traceback (most recent call last)::String) [], RemoteE 
   xception
    + FullyQualifiedErrorId : NativeCommandError
 
  File "c:\ENGINEERING\HACKATHON\MY_AGRI\backend\test_model.py", line 16, in <module>
    reply1 = generate_reply(
        user_message="How can I increase my wheat yield?",
        context="I farm in Maharashtra with 5 acres, using traditional methods"
    )
  File "c:\ENGINEERING\HACKATHON\MY_AGRI\backend\main.py", line 45, in generate_reply
    tokenizer, model = get_model()
                       ~~~~~~~~~^^
  File "c:\ENGINEERING\HACKATHON\MY_AGRI\backend\main.py", line 15, in get_model
    print("\U0001f33e Loading model (first request)...")
    ~~~~~^^^^^^^^^^^^^^^^^^^^^^^^^^^^^^^^^^^^^^^
  File "C:\Users\NIKHIL\AppData\Local\Programs\Python\Python313\Lib\encodings\cp1252.py", line 19, 
in encode
    return codecs.charmap_encode(input,self.errors,encoding_table)[0]
           ~~~~~~~~~~~~~~~~~~~~~^^^^^^^^^^^^^^^^^^^^^^^^^^^^^^^^^^
UnicodeEncodeError: 'charmap' codec can't encode character '\U0001f33e' in position 0: character 
maps to <undefined>
